[backblue.gif]
[fade.gif]
[index.html]
[wearekllr.com/demos/scrn/demos/assets/images/favicon.ico]
[wearekllr.com/demos/scrn/demos/assets/images/apple-touch-icon.png]
[wearekllr.com/demos/scrn/demos/assets/vendor/font-awesome/css/font-awesome.min.css]
[wearekllr.com/demos/scrn/demos/assets/vendor/bootstrap/css/bootstrap.min.css]
[wearekllr.com/demos/scrn/demos/assets/vendor/nivo-slider/nivo-slider.css]
[wearekllr.com/demos/scrn/demos/assets/vendor/nivo-slider/themes/default/default.css]
[wearekllr.com/demos/scrn/demos/assets/css/animate.css]
[wearekllr.com/demos/scrn/demos/assets/vendor/vanillabox/theme/bitter/vanillabox.css]
[wearekllr.com/demos/scrn/demos/assets/css/styles.css]
[wearekllr.com/demos/scrn/demos/assets/css/styles-minimal.css]
[wearekllr.com/demos/scrn/demos/assets/images/intro-bg-2.jpg]
[wearekllr.com/demos/scrn/demos/assets/images/slide-1.jpg]
[wearekllr.com/demos/scrn/demos/assets/images/slide-2.jpg]
[wearekllr.com/demos/scrn/demos/assets/images/slide-3.jpg]
[wearekllr.com/demos/scrn/demos/assets/images/work-1.jpg]
[wearekllr.com/demos/scrn/demos/assets/images/work-thumb-1.jpg]
[wearekllr.com/demos/scrn/demos/assets/images/work-thumb-2.jpg]
[wearekllr.com/demos/scrn/demos/assets/images/work-thumb-3.jpg]
[wearekllr.com/demos/scrn/demos/assets/images/work-2.jpg]
[wearekllr.com/demos/scrn/demos/assets/images/work-thumb-6.jpg]
[wearekllr.com/demos/scrn/demos/assets/images/bg-1.jpg]
[wearekllr.com/demos/scrn/demos/assets/images/bg-2.jpg]
[wearekllr.com/demos/scrn/demos/assets/images/about-1.jpg]
[wearekllr.com/demos/scrn/demos/assets/images/team-1.jpg]
[wearekllr.com/demos/scrn/demos/assets/images/team-2.jpg]
[wearekllr.com/demos/scrn/demos/assets/images/team-3.jpg]
[wearekllr.com/demos/scrn/demos/assets/images/bg-3.jpg]
[wearekllr.com/demos/scrn/demos/assets/images/bg-4.jpg]
[wearekllr.com/demos/scrn/demos/assets/vendor/bootstrap/js/bootstrap.min.js]
[wearekllr.com/demos/scrn/demos/assets/js/jquery-2.2.4.min.js]
[wearekllr.com/demos/scrn/demos/assets/vendor/parallax/parallax.min.js]
[wearekllr.com/demos/scrn/demos/assets/vendor/jquery.smoothscroll.min.js]
[wearekllr.com/demos/scrn/demos/assets/vendor/jquery.fixedcontent.min.js]
[wearekllr.com/demos/scrn/demos/assets/vendor/jquery.vide.min.js]
[wearekllr.com/demos/scrn/demos/assets/vendor/jquery.mixitup.min.js]
[wearekllr.com/demos/scrn/demos/assets/vendor/vanillabox/jquery.vanillabox-0.1.7.min.js]
[wearekllr.com/demos/scrn/demos/assets/contact-form/js/form-scripts.js]
[wearekllr.com/demos/scrn/demos/assets/js/map.js]
[wearekllr.com/demos/scrn/demos/assets/js/scrn.js]
[wearekllr.com/demos/scrn/demos/index-minimal.html]
[wearekllr.com/demos/scrn/demos/assets/vendor/nivo-slider/jquery.nivo.slider.pack.js]
[wearekllr.com/demos/scrn/demos/assets/fonts/fontawesome-webfont3e6e.woff]
[wearekllr.com/demos/scrn/demos/assets/fonts/fontawesome-webfont3e6e.ttf]
[wearekllr.com/demos/scrn/demos/assets/fonts/fontawesome-webfont3e6e.eot]
[wearekllr.com/demos/scrn/demos/assets/vendor/font-awesome/css/font-awesome.min.css]
[wearekllr.com/demos/scrn/demos/assets/fonts/fontawesome-webfontd41d.eot]
[wearekllr.com/demos/scrn/demos/assets/fonts/glyphicons-halflings-regular.woff]
[wearekllr.com/demos/scrn/demos/assets/fonts/glyphicons-halflings-regular.eot]
[wearekllr.com/demos/scrn/demos/assets/fonts/glyphicons-halflings-regular.ttf]
[wearekllr.com/demos/scrn/demos/assets/vendor/bootstrap/css/bootstrap.min.css]
[wearekllr.com/demos/scrn/demos/assets/vendor/nivo-slider/nivo-slider.css]
[wearekllr.com/demos/scrn/demos/assets/fonts/glyphicons-halflings-regulard41d.eot]
[wearekllr.com/demos/scrn/demos/assets/vendor/nivo-slider/themes/bar/bullets.png]
[wearekllr.com/demos/scrn/demos/assets/vendor/nivo-slider/themes/default/default.css]
[wearekllr.com/demos/scrn/demos/assets/css/animate.css]
[wearekllr.com/demos/scrn/demos/assets/vendor/vanillabox/theme/sweet/img/close0@2x.png]
[wearekllr.com/demos/scrn/demos/assets/vendor/vanillabox/theme/sweet/img/close1.png]
[wearekllr.com/demos/scrn/demos/assets/vendor/vanillabox/theme/sweet/img/close1@2x.png]
[wearekllr.com/demos/scrn/demos/assets/vendor/vanillabox/theme/sweet/img/prev0.png]
[wearekllr.com/demos/scrn/demos/assets/vendor/vanillabox/theme/sweet/img/prev0@2x.png]
[wearekllr.com/demos/scrn/demos/assets/vendor/vanillabox/theme/sweet/img/prev1.png]
[wearekllr.com/demos/scrn/demos/assets/vendor/vanillabox/theme/sweet/img/prev1@2x.png]
[wearekllr.com/demos/scrn/demos/assets/vendor/vanillabox/theme/sweet/img/next0.png]
[wearekllr.com/demos/scrn/demos/assets/vendor/vanillabox/theme/sweet/img/next0@2x.png]
[wearekllr.com/demos/scrn/demos/assets/vendor/vanillabox/theme/sweet/img/next1.png]
[wearekllr.com/demos/scrn/demos/assets/vendor/vanillabox/theme/sweet/img/next1@2x.png]
[wearekllr.com/demos/scrn/demos/assets/vendor/vanillabox/theme/sweet/img/loading.gif]
[wearekllr.com/demos/scrn/demos/assets/vendor/vanillabox/theme/sweet/img/loading@2x.gif]
[wearekllr.com/demos/scrn/demos/assets/vendor/vanillabox/theme/sweet/img/error.png]
[wearekllr.com/demos/scrn/demos/assets/vendor/vanillabox/theme/sweet/img/error@2x.png]
[wearekllr.com/demos/scrn/demos/assets/vendor/vanillabox/theme/bitter/vanillabox.css]
[wearekllr.com/demos/scrn/demos/assets/images/post-preview-image-1.jpg]
[wearekllr.com/demos/scrn/demos/assets/images/post-preview-image-2.jpg]
[wearekllr.com/demos/scrn/demos/assets/images/post-preview-image-3.jpg]
[wearekllr.com/demos/scrn/demos/assets/images/intro-blog.jpg]
[wearekllr.com/demos/scrn/demos/assets/css/styles.css]
[wearekllr.com/demos/scrn/demos/assets/css/styles-minimal.css]
[wearekllr.com/demos/scrn/demos/index.html]
[wearekllr.com/demos/scrn/demos/assets/images/intro-bg.jpg]
[wearekllr.com/demos/scrn/demos/assets/images/single-project.jpg]
[wearekllr.com/demos/scrn/demos/single-project.html]
[wearekllr.com/demos/scrn/demos/assets/images/single-project-thumb-1.jpg]
[wearekllr.com/demos/scrn/demos/assets/images/work-thumb-4.jpg]
[wearekllr.com/demos/scrn/demos/assets/images/work-thumb-5.jpg]
[wearekllr.com/demos/scrn/demos/assets/images/blog-post-image.jpg]
[wearekllr.com/demos/scrn/demos/assets/images/comment-author-1.jpg]
[wearekllr.com/demos/scrn/demos/single-post.html]
[wearekllr.com/demos/scrn/demos/assets/vendor/scrollreveal/scrollReveal.min.html]
[wearekllr.com/demos/scrn/demos/assets/fonts/fontawesome-webfont3e6e.html]
[wearekllr.com/demos/scrn/demos/assets/fonts/fontawesome-webfont3e6e.svg]
[wearekllr.com/demos/scrn/demos/assets/fonts/glyphicons-halflings-regular.html]
[wearekllr.com/demos/scrn/demos/assets/fonts/glyphicons-halflings-regular.svg]
[wearekllr.com/demos/scrn/demos/assets/vendor/match-height/jquery.matchHeight-min.js]
[wearekllr.com/demos/scrn/demos/assets/contact-form/js/validator.min.js]
[wearekllr.com/demos/scrn/demos/assets/vendor/nivo-slider/themes/bar/loading.gif]
[wearekllr.com/demos/scrn/demos/assets/vendor/nivo-slider/themes/bar/arrows.png]
[wearekllr.com/demos/scrn/demos/assets/vendor/vanillabox/theme/sweet/img/close0.png]
